// Jest Snapshot v1, https://goo.gl/fbAQLP

exports[`test on shoppingCart component should to match with snapshot 1`] = `
<div>
  <div
    class="fixed top-0 right-0 min-h-screen h-screen min-w-[360px] bg-dark z-50 transition-transform translate-x-full"
  >
    <div
      class="flex justify-between items-center border-b border-strokeLight p-4"
      style="height: 65px;"
    >
      <svg
        cursor="pointer"
        data-testid="close-shopping-cart-icon"
        fill="currentColor"
        height="28"
        stroke="currentColor"
        stroke-width="0"
        viewBox="0 0 20 20"
        width="28"
        xmlns="http://www.w3.org/2000/svg"
      >
        <path
          clip-rule="evenodd"
          d="M4.293 4.293a1 1 0 011.414 0L10 8.586l4.293-4.293a1 1 0 111.414 1.414L11.414 10l4.293 4.293a1 1 0 01-1.414 1.414L10 11.414l-4.293 4.293a1 1 0 01-1.414-1.414L8.586 10 4.293 5.707a1 1 0 010-1.414z"
          fill-rule="evenodd"
        />
      </svg>
      <h2
        class="text-center text-2xl"
      >
        Carrito de compra
      </h2>
      <div
        class="w-7"
      />
    </div>
    <div
      class="flex flex-col gap-4 items-center overflow-y-scroll cartlist-items"
      style="padding-top: 1rem; padding-bottom: 1rem;"
    >
      <div
        class="flex"
      >
        <span
          style="box-sizing: border-box; display: inline-block; overflow: hidden; width: 100px; height: 100px; background: none; opacity: 1; border: 0px; margin: 0px; padding: 0px; position: relative;"
        >
          <img
            alt="One punch man no.12"
            class="object-contain"
            data-nimg="fixed"
            data-testid="cart-item"
            decoding="async"
            src="data:image/gif;base64,R0lGODlhAQABAIAAAAAAAP///yH5BAEAAAAALAAAAAABAAEAAAIBRAA7"
            style="position: absolute; top: 0px; left: 0px; bottom: 0px; right: 0px; box-sizing: border-box; padding: 0px; margin: auto; display: block; width: 0px; height: 0px; min-width: 100%; max-width: 100%; min-height: 100%; max-height: 100%;"
          />
          <noscript />
        </span>
        <div
          class="px-2 w-52"
        >
          <h2>
            One Punch Man #12
          </h2>
          <h2>
            Cantidad: 
            1
          </h2>
          <h2>
            Subtotal: 
            $99.00
          </h2>
          <button
            class="text-error text-sm"
          >
            Eliminar del carrito
          </button>
        </div>
      </div>
    </div>
    <div
      class="bg-dark absolute left-0 w-full px-4 py-4 border-t border-strokeLight"
      style="height: 108px;"
    >
      <h2
        class="text-center text-2xl mb-2"
      >
        Total global: 
        $0.00
      </h2>
      <button
        class="btn bg-accent w-full"
      >
        Ir al resumen
      </button>
    </div>
  </div>
</div>
`;
