// Jest Snapshot v1, https://goo.gl/fbAQLP

exports[`tests on SelectAmount component should to match with snapshot 1`] = `
<div>
  <div>
    <h2
      class="text-lg mb-2 text-center"
    >
      Seleccione la cantidad
    </h2>
    <div
      class="flex gap-4 mb-2 justify-center"
    >
      <div>
        <svg
          cursor="pointer"
          data-testid="decrement-icon"
          fill="none"
          height="28"
          stroke="currentColor"
          stroke-width="2"
          viewBox="0 0 24 24"
          width="28"
          xmlns="http://www.w3.org/2000/svg"
        >
          <path
            d="M15 12H9m12 0a9 9 0 11-18 0 9 9 0 0118 0z"
            stroke-linecap="round"
            stroke-linejoin="round"
            stroke-width="2"
          />
        </svg>
      </div>
      <div
        class="font-medium text-2xl px-2"
        data-testid="amount-box"
      >
        1
      </div>
      <div>
        <svg
          cursor="pointer"
          data-testid="increment-icon"
          fill="none"
          height="28"
          stroke="currentColor"
          stroke-width="0"
          viewBox="0 0 24 24"
          width="28"
          xmlns="http://www.w3.org/2000/svg"
        >
          <path
            d="M12 9v3m0 0v3m0-3h3m-3 0H9m12 0a9 9 0 11-18 0 9 9 0 0118 0z"
            stroke-linecap="round"
            stroke-linejoin="round"
            stroke-width="2"
          />
        </svg>
      </div>
    </div>
  </div>
</div>
`;
